src/modules/settlements/settlement.routes.ts(4,1): error TS6133: 'authenticate' is declared but its value is never read.
